constexpr_complex_table.cc:6:37: error: constexpr variable 'coefficient_table' must be initialized by a constant expression
    6 | alignas(32) static constexpr cint16 coefficient_table[16] = {
      |                                     ^                       ~
    7 |     {22721, 0},   {-745, 17496}, {5780, 16163},  {14080, -12039},
      |     ~~~~~~~~~~~~~~~~~~~~~~~~~~~~~~~~~~~~~~~~~~~~~~~~~~~~~~~~~~~~~
    8 |     {3070, -4055}, {8698, 12753}, {-16741, 8023}, {-5572, 15439},
      |     ~~~~~~~~~~~~~~~~~~~~~~~~~~~~~~~~~~~~~~~~~~~~~~~~~~~~~~~~~~~~~
    9 |     {14184, 3765}, {7756, -593},  {144, 16723},   {-19893, 6889},
      |     ~~~~~~~~~~~~~~~~~~~~~~~~~~~~~~~~~~~~~~~~~~~~~~~~~~~~~~~~~~~~~
   10 |     {3559, 8511},  {8531, 2173},  {-3269, -23362}, {17339, 595},
      |     ~~~~~~~~~~~~~~~~~~~~~~~~~~~~~~~~~~~~~~~~~~~~~~~~~~~~~~~~~~~~
   11 | };
      | ~
constexpr_complex_table.cc:7:5: note: non-constexpr constructor 'cint16' cannot be used in a constant expression
    7 |     {22721, 0},   {-745, 17496}, {5780, 16163},  {14080, -12039},
      |     ^
/home/piloteer/.local/lib/python3.12/site-packages/llvm-aie/lib/clang/20/include/aiebase_typedefs.h:22:3: note: declared here
   22 |   cint16(short re, short im = 0) : real(re), imag(im) {}
      |   ^
1 error generated.
