libm_float_functions.cc:7:15: error: use of undeclared identifier 'atan2f'; did you mean 'atan2'?
    7 |   output[0] = atan2f(input, -input);
      |               ^~~~~~
      |               atan2
/home/piloteer/.local/lib/python3.12/site-packages/llvm-aie/bin/../include/c++/v1/math.h:452:20: note: 'atan2' declared here
  452 | using std::__math::atan2;
      |                    ^
libm_float_functions.cc:8:15: error: use of undeclared identifier 'cosf'
    8 |   output[1] = cosf(input);
      |               ^
libm_float_functions.cc:9:15: error: use of undeclared identifier 'sinf'
    9 |   output[2] = sinf(input);
      |               ^
libm_float_functions.cc:10:15: error: use of undeclared identifier 'floorf'; did you mean 'floor'?
   10 |   output[3] = floorf(input);
      |               ^~~~~~
      |               floor
/home/piloteer/.local/lib/python3.12/site-packages/llvm-aie/bin/../include/c++/v1/math.h:466:20: note: 'floor' declared here
  466 | using std::__math::floor;
      |                    ^
libm_float_functions.cc:10:15: error: no matching function for call to 'floor'
   10 |   output[3] = floorf(input);
      |               ^~~~~~
/home/piloteer/.local/lib/python3.12/site-packages/llvm-aie/bin/../include/c++/v1/__math/rounding_functions.h:59:55: note: candidate template ignored: requirement 'is_integral<float>::value' was not satisfied [with _A1 = float]
   59 | [[__nodiscard__]] inline _LIBCPP_HIDE_FROM_ABI double floor(_A1 __x) _NOEXCEPT {
      |                                                       ^
In file included from libm_float_functions.cc:1:
In file included from /home/piloteer/.local/lib/python3.12/site-packages/llvm-aie/bin/../include/c++/v1/math.h:371:
/home/piloteer/.local/lib/python3.12/site-packages/llvm-aie/bin/../include/c++/v1/__math/inverse_trigonometric_functions.h:91:17: error: static assertion failed due to requirement '!(integral_constant<bool, true>::value && integral_constant<bool, true>::value)': 
   91 |   static_assert(!(_IsSame<_A1, __result_type>::value && _IsSame<_A2, __result_type>::value), "");
      |                 ^~~~~~~~~~~~~~~~~~~~~~~~~~~~~~~~~~~~~~~~~~~~~~~~~~~~~~~~~~~~~~~~~~~~~~~~~~~
libm_float_functions.cc:7:15: note: in instantiation of function template specialization 'std::__math::atan2<float, float, 0>' requested here
    7 |   output[0] = atan2f(input, -input);
      |               ^
6 errors generated.
