
// File generated by darts version V-2024.06#8be6237c82#250729, Wed Aug 26 15:43:59 2026
// Copyright 2014-2024 Synopsys, Inc. All rights reserved.
// darts -I/opt/vitis_aie_essentials/bin/unwrapped/data/aie_ml/lib -d -h -I/opt/vitis_aie_essentials/bin/unwrapped/include -I/opt/vitis_aie_essentials/include -I/opt/vitis_aie_essentials/bin/unwrapped/data/aie_ml/lib/runtime_cxx/libcxx-lite/include -I/opt/vitis_aie_essentials/bin/unwrapped/data/aie_ml/lib/runtime_cxx/libs/libcxx-16/include -I/opt/vitis_aie_essentials/bin/unwrapped/data/aie_ml/lib/runtime_cxx/libs/libcxxabi-16/include -I/opt/vitis_aie_essentials/bin/unwrapped/data/aie_ml/lib/runtime/include -I<BOOST_DIR> -D__AIENGINE__ -D__AIE_ARCH__=20 -D__AIEARCH__=20 -D__tct_tgt__=250729 -L +Ihex +nanno build/xchesscc/complex_vector_scalar_add.o me

// Release: ipp V-2024.06-TGT-250729
.undef global data _ZN12me_primitive11control_satE

.undef global data _ZN12me_primitive11control_rndE

.text_segment_name
.text global 16 complex_vector_scalar_add
.function_start
	     0    0x10 0x2c 0x2f 0xf2 0xf9 0x05                                                                                  VLDB wh0, [p0, #32];                                        MOVX r25, #-2
	     6    0x10 0x0c 0x08 0x30 0x0d 0x05                                                                                  VLDB wl0, [p0, #0];                                         MOVX r24, #3
	    12    0x00 0x01                                                                        NOPX
	    14    0x00 0x01                                                                        NOPX
	    16    0x00 0x01                                                                        NOPX
	    18    0x00 0x01                                                                        NOPX
	    20    0x10 0x00 0x18 0x19                                                                                                                                                        RET lr
.delay_slot
	    24    0x18 0xe8 0x07 0xb9                                                                                                                                                                                      VBCST.64 x1, r25:r24
.delay_slot
	    28    0x18 0x00 0x00 0xd9                                                                                                                                                                                      VADD.32 x0, x0, x1
.delay_slot
.swstall delay_slot
	    32    0x00 0x01                                                                        NOPX
.delay_slot
	    34    0x09 0x06 0x83 0xd9                                                                                                                          VST wh0, [p1, #32]
.label complex_vector_scalar_add__end last
.delay_slot
	    38    0x00 0x00 0x01 0x02 0x81 0xc0 0x00 0x00 0x00 0x7b                                NOPA;                                                       VST wl0, [p1, #0];            NOPX

