
// File generated by darts version V-2024.06#8be6237c82#250729, Wed Aug 26 15:43:41 2026
// Copyright 2014-2024 Synopsys, Inc. All rights reserved.
// darts -I/opt/vitis_aie_essentials/bin/unwrapped/data/aie_ml/lib -d -h -I/opt/vitis_aie_essentials/bin/unwrapped/include -I/opt/vitis_aie_essentials/include -I/opt/vitis_aie_essentials/bin/unwrapped/data/aie_ml/lib/runtime_cxx/libcxx-lite/include -I/opt/vitis_aie_essentials/bin/unwrapped/data/aie_ml/lib/runtime_cxx/libs/libcxx-16/include -I/opt/vitis_aie_essentials/bin/unwrapped/data/aie_ml/lib/runtime_cxx/libs/libcxxabi-16/include -I/opt/vitis_aie_essentials/bin/unwrapped/data/aie_ml/lib/runtime/include -I<BOOST_DIR> -D__AIENGINE__ -D__AIE_ARCH__=20 -D__AIEARCH__=20 -D__tct_tgt__=250729 -L +Ihex +nanno build/xchesscc/complex_scalar_ops.o me

// Release: ipp V-2024.06-TGT-250729
.undef global data _ZN12me_primitive11control_satE

.undef global data _ZN12me_primitive11control_rndE

.text_segment_name
.text global 16 complex_scalar_ops
.function_start
	     0    0x00 0x76 0x08 0x01 0x90 0x6b 0x40 0x03 0x48 0xbb                                LDA r24, [p0], #4;                                                                        MOVX r25, #3;                 MOV r26, #0
	    10    0x00 0x03 0xb6 0x59                                                              LDA r27, [p0], #4
	    14    0x00 0x02 0xb8 0x59                                                              LDA r28, [p0, #0]
	    18    0x00 0x06 0xba 0x59                                                              LDA r29, [p0, #4]
	    22    0x00 0x01                                                                        NOPX
	    24    0x00 0x01                                                                        NOPX
	    26    0x00 0x01                                                                        NOPX
	    28    0x16 0xbd 0x81 0x99                                                                                                                                                        SUB r30, r26, r24
	    32    0x20 0x77 0x86 0xb5 0xb1 0xbd                                                                                                                ST r30, [p1], #4;             SUB r26, r26, r27
	    38    0x20 0x76 0x86 0x75 0x8f 0xbd                                                                                                                ST r26, [p1], #4;             MUL r26, r25, r24
	    44    0x10 0x00 0x18 0x19                                                                                                                                                        RET lr
.delay_slot
	    48    0x16 0xf3 0x9f 0x99                                                                                                                                                        MUL r25, r27, r25
.delay_slot
	    52    0x09 0x03 0xb4 0x19                                                                                                                          ST r26, [p1], #4
.delay_slot
	    56    0x20 0x76 0x47 0x31 0x80 0xbd                                                                                                                ST r25, [p1], #4;             ADD r24, r28, r24
.delay_slot
	    62    0x20 0x56 0x06 0xf1 0xd0 0xbd                                                                                                                ST r24, [p1, #0];             ADD r24, r27, r29
.label complex_scalar_ops__end last
.delay_slot
	    68    0x00 0x00 0x00 0x00 0x00 0x00 0x00 0x00 0x83 0x58 0x01 0x37                      NOPA;                         NOPB;                         ST r24, [p1, #4];             NOPX

