
// File generated by darts version V-2024.06#8be6237c82#250729, Wed Aug 26 15:44:17 2026
// Copyright 2014-2024 Synopsys, Inc. All rights reserved.
// darts -I/opt/vitis_aie_essentials/bin/unwrapped/data/aie_ml/lib -d -h -I/opt/vitis_aie_essentials/bin/unwrapped/include -I/opt/vitis_aie_essentials/include -I/opt/vitis_aie_essentials/bin/unwrapped/data/aie_ml/lib/runtime_cxx/libcxx-lite/include -I/opt/vitis_aie_essentials/bin/unwrapped/data/aie_ml/lib/runtime_cxx/libs/libcxx-16/include -I/opt/vitis_aie_essentials/bin/unwrapped/data/aie_ml/lib/runtime_cxx/libs/libcxxabi-16/include -I/opt/vitis_aie_essentials/bin/unwrapped/data/aie_ml/lib/runtime/include -I<BOOST_DIR> -D__AIENGINE__ -D__AIE_ARCH__=20 -D__AIEARCH__=20 -D__tct_tgt__=250729 -L +Ihex +nanno build/xchesscc/complex_vector_scalar_add_cbfloat16.o me

// Release: ipp V-2024.06-TGT-250729
.undef global data _ZN12me_primitive11control_satE

.undef global data _ZN12me_primitive11control_rndE

.text_segment_name
.text global 16 complex_vector_scalar_add_cbfloat16
.function_start
	     0    0x03 0x86 0x08 0x0c 0x08 0x2f 0xa0 0x0f 0x27 0x80 0x10 0xb7                      MOVA r24, #28;                VLDB wl0, [p0, #0];                                         MOVXM r25, #-1098891520
	    12    0x00 0x2c 0x28 0x00 0x00 0x00 0x18 0x00 0x10 0x3b                                                              VLDB wh0, [p0, #32];                                        MOVXM p0, #_ZN12me_primitive11control_rndE
	    22    0x00 0x56 0x88 0x01 0x91 0xe8 0xa6 0x43 0xd8 0xbb                                LDA r26, [p0, #0];                                                                        MOVX r25, #15;                VBCST.32 x2, r25
	    32    0x18 0x40 0x0f 0xd9                                                                                                                                                                                      VCONV.fp32.bf16 bmh0, wl2
	    36    0x18 0x00 0x8f 0xd9                                                                                                                                                                                      VCONV.fp32.bf16 bml0, wh2
	    40    0x00 0x01                                                                        NOPX
	    42    0x00 0x01                                                                        NOPX
	    44    0x00 0x80 0x07 0xc6 0xc0 0x80 0x42 0xa3                                                                                                                                                                  VCONV.fp32.bf16 bml1, wl0;              VADD.f bmh0, bml1, bmh0, r24
	    52    0x00 0x80 0x87 0xc6 0xc0 0x80 0x00 0xa3                                                                                                                                                                  VCONV.fp32.bf16 bml1, wh0;              VADD.f bml0, bml1, bml0, r24
	    60    0x16 0x71 0xa4 0x99                                                                                                                                                        AND r24, r25, r26
	    64    0x16 0x18 0x20 0x19                                                                                                                                                        MOVX crRnd, r24
	    68    0x00 0x01                                                                        NOPX
	    70    0x00 0x01                                                                        NOPX
	    72    0x08 0x80 0x03 0xd9                                                                                                                          VCONV.bf16.fp32 wl1, bmh0
	    76    0x18 0x00 0x38 0x00 0x18 0x3d                                                                                                                VCONV.bf16.fp32 wh1, bml0;    RET lr
.delay_slot
.swstall delay_slot
	    82    0x00 0x01                                                                        NOPX
.delay_slot
	    84    0x18 0x0c 0x0e 0xd9                                                                                                                                                                                      VMOV x0, x1
.delay_slot
.swstall delay_slot
	    88    0x00 0x01                                                                        NOPX
.delay_slot
	    90    0x00 0x00 0x01 0x06 0x83 0xf5                                                    NOPA;                                                       VST wh0, [p1, #32]
.label complex_vector_scalar_add_cbfloat16__end last
.delay_slot
	    96    0x00 0x00 0x00 0x00 0x01 0x02 0x81 0xc0 0x00 0x00 0x00 0x03 0x88 0x00 0x03 0xc0  NOPA;                         NOPB;                         VST wl0, [p1, #0];            NOPX;                         NOPM;                                   NOPV

.undef global data _ZN12me_primitive11control_rndE

