
// File generated by darts version V-2024.06#8be6237c82#250729, Wed Aug 26 15:44:36 2026
// Copyright 2014-2024 Synopsys, Inc. All rights reserved.
// darts -I/opt/vitis_aie_essentials/bin/unwrapped/data/aie_ml/lib -d -h -I/opt/vitis_aie_essentials/bin/unwrapped/include -I/opt/vitis_aie_essentials/include -I/opt/vitis_aie_essentials/bin/unwrapped/data/aie_ml/lib/runtime_cxx/libcxx-lite/include -I/opt/vitis_aie_essentials/bin/unwrapped/data/aie_ml/lib/runtime_cxx/libs/libcxx-16/include -I/opt/vitis_aie_essentials/bin/unwrapped/data/aie_ml/lib/runtime_cxx/libs/libcxxabi-16/include -I/opt/vitis_aie_essentials/bin/unwrapped/data/aie_ml/lib/runtime/include -I<BOOST_DIR> -D__AIENGINE__ -D__AIE_ARCH__=20 -D__AIEARCH__=20 -D__tct_tgt__=250729 -L +Ihex +nanno build/xchesscc/constexpr_complex_table.o me

// Release: ipp V-2024.06-TGT-250729
.data_segment_name
.rodata local 32 _ZL17coefficient_table DMb
	0xc1
	0x58
	0x0
	0x0
	0x17
	0xfd
	0x58
	0x44
	0x94
	0x16
	0x23
	0x3f
	0x0
	0x37
	0xf9
	0xd0
	0xfe
	0xb
	0x29
	0xf0
	0xfa
	0x21
	0xd1
	0x31
	0x9b
	0xbe
	0x57
	0x1f
	0x3c
	0xea
	0x4f
	0x3c
	0x68
	0x37
	0xb5
	0xe
	0x4c
	0x1e
	0xaf
	0xfd
	0x90
	0x0
	0x53
	0x41
	0x4b
	0xb2
	0xe9
	0x1a
	0xe7
	0xd
	0x3f
	0x21
	0x53
	0x21
	0x7d
	0x8
	0x3b
	0xf3
	0xbe
	0xa4
	0xbb
	0x43
	0x53
	0x2

.undef local data _ZL17coefficient_table

.undef global data _ZN12me_primitive11control_satE

.undef global data _ZN12me_primitive11control_rndE

.text_segment_name
.text global 16 constexpr_complex_table
.function_start
	     0    0x00 0x00 0x02 0x60 0x00 0x55                                                                                                                                              MOVXM p1, #_ZL17coefficient_table
	     6    0x39 0x2c 0x08 0x19                                                                                            VLDB wl0, [p1, #32]
	    10    0x01 0x02 0x80 0x99                                                              VLDA amll0, [p1, #0]
	    14    0x00 0x01                                                                        NOPX
	    16    0x10 0x00 0x18 0x19                                                                                                                                                        RET lr
.delay_slot
.swstall delay_slot
	    20    0x00 0x01                                                                        NOPX
.delay_slot
.swstall delay_slot
	    22    0x00 0x01                                                                        NOPX
.delay_slot
.swstall delay_slot
	    24    0x00 0x01                                                                        NOPX
.delay_slot
	    26    0x00 0x00 0x00 0x06 0x81 0xf5                                                    NOPA;                                                       VST wl0, [p0, #32]
.label constexpr_complex_table__end last
.delay_slot
	    32    0x00 0x00 0x00 0x00 0x00 0x02 0x80 0x40 0x00 0x00 0x00 0x03 0x88 0x00 0x03 0xc0  NOPA;                         NOPB;                         VST amll0, [p0, #0];          NOPX;                         NOPM;                                   NOPV

