
// File generated by darts version V-2024.06#8be6237c82#250729, Wed Aug 26 15:45:12 2026
// Copyright 2014-2024 Synopsys, Inc. All rights reserved.
// darts -I/opt/vitis_aie_essentials/bin/unwrapped/data/aie_ml/lib -d -h -I/opt/vitis_aie_essentials/bin/unwrapped/include -I/opt/vitis_aie_essentials/include -I/opt/vitis_aie_essentials/bin/unwrapped/data/aie_ml/lib/runtime_cxx/libcxx-lite/include -I/opt/vitis_aie_essentials/bin/unwrapped/data/aie_ml/lib/runtime_cxx/libs/libcxx-16/include -I/opt/vitis_aie_essentials/bin/unwrapped/data/aie_ml/lib/runtime_cxx/libs/libcxxabi-16/include -I/opt/vitis_aie_essentials/bin/unwrapped/data/aie_ml/lib/runtime/include -I<BOOST_DIR> -D__AIENGINE__ -D__AIE_ARCH__=20 -D__AIEARCH__=20 -D__tct_tgt__=250729 -L +Ihex +nanno build/xchesscc/libm_float_functions.o me

// Release: ipp V-2024.06-TGT-250729
.undef global data _ZN12me_primitive11control_satE

.undef global data _ZN12me_primitive11control_rndE

.text_segment_name
.text global 16 libm_float_functions
.function_start
	     0    0x38 0x03 0x20 0x19                                                                                            PADDB [sp], #32
	     4    0x0f 0xfe 0xc2 0x99                                                                                                                          ST lr, [sp, #-12]
.no_stack_arguments
	     8    0x00 0x00 0x00 0x00 0x01 0x15                                                                                                                                              JL #atan2f
.delay_slot
	    14    0xff 0xec 0xc0 0x20 0x00 0x03 0x00 0x00 0x11 0x3b                                                                                            ST r19, [sp, #-8];            MOVXM r24, #-2147483648
.delay_slot
	    24    0xff 0xfe 0xd0 0x00 0x20 0x0b 0x20 0x03                                                                                                      ST p6, [sp, #-4];                                           MOV r1, r0
.delay_slot
	    32    0xff 0xcf 0xd0 0x02 0x60 0x4b 0x20 0x03                                                                                                      ST p7, [sp, #-16];                                          MOV r19, r1
.delay_slot
	    40    0x00 0x30 0x20 0x37 0x18 0x3b 0x28 0x43                                                                                                                                    XOR r2, r24, r0;              MOV p6, p0
.delay_slot
.swstall delay_slot
	    48    0x00 0x00 0x00 0x00 0x00 0x00 0x00 0x00 0x00 0x00 0x00 0x03 0x88 0x00 0x03 0xc0  NOPA;                         NOPB;                         NOPS;                         NOPX;                         NOPM;                                   NOPV
.return_address
.no_stack_arguments
	    64    0x00 0x00 0x00 0x00 0x01 0x15                                                                                                                                              JL #cosf
.delay_slot
	    70    0xc0 0x70 0x00 0x00 0x24 0xcb 0x20 0x03                                                                                                      ST r0, [p6], #4;                                            MOV r1, r19
.delay_slot
.swstall delay_slot
	    78    0x00 0x01                                                                        NOPX
.delay_slot
.swstall delay_slot
	    80    0x00 0x01                                                                        NOPX
.delay_slot
.swstall delay_slot
	    82    0x00 0x01                                                                        NOPX
.delay_slot
.swstall delay_slot
	    84    0x00 0x00 0x00 0x00 0x00 0x00 0x00 0x00 0x00 0x00 0x01 0x37                      NOPA;                         NOPB;                         NOPS;                         NOPX
.return_address
.no_stack_arguments
	    96    0x00 0x00 0x00 0x00 0x01 0x15                                                                                                                                              JL #sinf
.delay_slot
	   102    0x1f 0x3c 0x76 0x59                                                                                                                                                                                      MOV p7, p6
.delay_slot
	   106    0xc0 0x70 0x00 0x00 0x24 0xcb 0x20 0x03                                                                                                      ST r0, [p6], #4;                                            MOV r1, r19
.delay_slot
.swstall delay_slot
	   114    0x00 0x01                                                                        NOPX
.delay_slot
.swstall delay_slot
	   116    0x00 0x01                                                                        NOPX
.delay_slot
.swstall delay_slot
	   118    0x00 0x00 0x00 0x00 0x00 0x00 0x00 0x03 0x8e 0xbb                                NOPA;                         NOPB;                                                                                     NOPM
.return_address
.no_stack_arguments
	   128    0x00 0x00 0x00 0x00 0x01 0x15                                                                                                                                              JL #floorf
.delay_slot
	   134    0xe0 0xd0 0x00 0x00 0x24 0xcb 0x20 0x03                                                                                                      ST r0, [p7, #4];                                            MOV r1, r19
.delay_slot
.swstall delay_slot
	   142    0x00 0x01                                                                        NOPX
.delay_slot
.swstall delay_slot
	   144    0x00 0x01                                                                        NOPX
.delay_slot
.swstall delay_slot
	   146    0x00 0x01                                                                        NOPX
.delay_slot
.swstall delay_slot
	   148    0x00 0x00 0x00 0x00 0x00 0x00 0x00 0x00 0x00 0x00 0x01 0x37                      NOPA;                         NOPB;                         NOPS;                         NOPX
.return_address
	   160    0x07 0xfe 0xc2 0xd9                                                              LDA lr, [sp, #-12]
.aggressive_scheduled_block_id 1
.aggressive_scheduled_block_id first
	   164    0x07 0xff 0x66 0x59                                                              LDA r19, [sp, #-8]
.aggressive_scheduled_block_id 1
.noswbrkpt
	   168    0x07 0xff 0xf6 0xd9                                                              LDA p6, [sp, #-4]
.aggressive_scheduled_block_id 1
.nohwbrkpt
.noswbrkpt
	   172    0x07 0xfe 0x7e 0xd9                                                              LDA p7, [sp, #-16]
.aggressive_scheduled_block_id 1
.nohwbrkpt
.noswbrkpt
	   176    0x00 0x01                                                                        NOPX
.aggressive_scheduled_block_id 1
.nohwbrkpt
.noswbrkpt
	   178    0x00 0x01                                                                        NOPX
.aggressive_scheduled_block_id 1
.nohwbrkpt
.noswbrkpt
	   180    0x00 0x01                                                                        NOPX
.aggressive_scheduled_block_id 1
.nohwbrkpt
.noswbrkpt
	   182    0x10 0x00 0x18 0x19                                                                                                                                                        RET lr
.delay_slot
.aggressive_scheduled_block_id 1
.aggressive_scheduled_block_id last
.nohwbrkpt
.noswbrkpt
	   186    0x0f 0xff 0xe6 0x06 0x80 0x05                                                                                  PADDB [sp], #-32;             ST r0, [p6, #4]
.delay_slot
.swstall delay_slot
	   192    0x00 0x01                                                                        NOPX
.delay_slot
.swstall delay_slot
	   194    0x00 0x01                                                                        NOPX
.delay_slot
.swstall delay_slot
	   196    0x00 0x01                                                                        NOPX
.label libm_float_functions__end last
.delay_slot
.swstall delay_slot
	   198    0x00 0x00 0x00 0x00 0x00 0x00 0x00 0x03 0x8e 0xbb                                NOPA;                         NOPB;                                                                                     NOPM

.undef global text atan2f

.undef global text cosf

.undef global text sinf

.undef global text floorf

