
// File generated by darts version V-2024.06#8be6237c82#250729, Wed Aug 26 15:43:23 2026
// Copyright 2014-2024 Synopsys, Inc. All rights reserved.
// darts -I/opt/vitis_aie_essentials/bin/unwrapped/data/aie_ml/lib -d -h -I/opt/vitis_aie_essentials/bin/unwrapped/include -I/opt/vitis_aie_essentials/include -I/opt/vitis_aie_essentials/bin/unwrapped/data/aie_ml/lib/runtime_cxx/libcxx-lite/include -I/opt/vitis_aie_essentials/bin/unwrapped/data/aie_ml/lib/runtime_cxx/libs/libcxx-16/include -I/opt/vitis_aie_essentials/bin/unwrapped/data/aie_ml/lib/runtime_cxx/libs/libcxxabi-16/include -I/opt/vitis_aie_essentials/bin/unwrapped/data/aie_ml/lib/runtime/include -I<BOOST_DIR> -D__AIENGINE__ -D__AIE_ARCH__=20 -D__AIEARCH__=20 -D__tct_tgt__=250729 -L +Ihex +nanno build/xchesscc/portable_vector.o me

// Release: ipp V-2024.06-TGT-250729
.undef global data _ZN12me_primitive11control_satE

.undef global data _ZN12me_primitive11control_rndE

.text_segment_name
.text global 16 portable_vector
.function_start
	     0    0x00 0x67 0x48 0x2c 0x28 0x01 0x80 0x4b 0x20 0x03 0x48 0xb7                      MOVA r29, #3;                 VLDB wh0, [p0, #32];                                        MOVX r24, #2;                 MOV r25, #0
	    12    0x6b 0x46 0x88 0x0c 0x08 0x0b 0x93 0x48 0xe6 0x43 0xd8 0xb7                      MOVA r26, #858;               VLDB wl0, [p0, #0];                                         MOVX r25, #346;               VBCST.32 x3, r25
	    24    0x00 0x01 0xb1 0xe8 0x66 0x13 0xd8 0x43                                                                                                                                    MOVX r27, #15;                VBCSTSHFL.32 x1, r24, r29
	    32    0x00 0x00 0x00 0x60 0x00 0x55                                                                                                                                              MOVXM p0, #_ZN12me_primitive11control_rndE
	    38    0x00 0x57 0x88 0x00 0x00 0x03 0x83 0x2d 0x10 0xbb                                LDA r30, [p0, #0];                                                                        MOVXM r28, #1626
	    48    0x00 0x00 0x00 0x60 0x00 0x55                                                                                                                                              MOVXM p0, #_ZN12me_primitive11control_satE
	    54    0x00 0x57 0xc8 0x00 0x00 0x00 0x02 0x2d 0x10 0xbb                                LDA r31, [p0, #0];                                                                        MOVXM r0, #1114
	    64    0x18 0xb0 0x06 0x99                                                                                                                                                                                      MOV s0, #0
	    68    0x00 0x01 0xd0 0x48 0x87 0x40 0xf8 0x43                                                                                                                                    MOVX r29, #2;                 VSHUFFLE x2, x0, x3, r29
	    76    0x1a 0x4c 0x27 0xb9                                                                                                                                                                                      VBCSTSHFL.32 x4, r24, r29
	    80    0x00 0x0c 0x01 0xe6 0xd7 0x88 0x40 0x23                                                                                                                                                                  VSHUFFLE x0, x0, x3, r24;               VMUL cm0, x2, x1, r26
	    88    0x16 0xf1 0xe4 0x99                                                                                                                                                        AND r24, r27, r30
	    92    0x00 0x30 0xc1 0x01 0xe0 0x09 0x00 0x23                                                                                                                                    MOVX crRnd, r24;                                                      VMAC cm0, cm0, x2, x4, r28
	   100    0x17 0xe4 0x20 0x19                                                                                                                                                        MOVX crSat, r31
	   104    0xc8 0x00 0x40 0x09                                                                                                                                                                                                                              VMAC cm0, cm0, x0, x1, r25
	   108    0x00 0x01                                                                        NOPX
	   110    0x00 0x01 0x00 0x09                                                                                                                                                                                                                              VMAC cm0, cm0, x0, x4, r0
	   114    0x00 0x01                                                                        NOPX
	   116    0x00 0x01                                                                        NOPX
	   118    0x00 0x01                                                                        NOPX
	   120    0x00 0x01                                                                        NOPX
	   122    0x08 0x3c 0xc0 0x99                                                                                                                          VSRS.s32.s64 x0, cm0, s0
	   126    0x10 0x00 0x18 0x19                                                                                                                                                        RET lr
.delay_slot
.swstall delay_slot
	   130    0x00 0x01                                                                        NOPX
.delay_slot
.swstall delay_slot
	   132    0x00 0x01                                                                        NOPX
.delay_slot
	   134    0x09 0x06 0x83 0xd9                                                                                                                          VST wh0, [p1, #32]
.delay_slot
	   138    0x09 0x02 0x81 0xd9                                                                                                                          VST wl0, [p1, #0]
.label portable_vector__end last
.delay_slot
.swstall delay_slot
	   142    0x00 0x01                                                                        NOPX

.undef global data _ZN12me_primitive11control_satE

.undef global data _ZN12me_primitive11control_rndE

