
// File generated by darts version V-2024.06#8be6237c82#250729, Wed Aug 26 15:45:30 2026
// Copyright 2014-2024 Synopsys, Inc. All rights reserved.
// darts -I/opt/vitis_aie_essentials/bin/unwrapped/data/aie_ml/lib -d -h -I/opt/vitis_aie_essentials/bin/unwrapped/include -I/opt/vitis_aie_essentials/include -I/opt/vitis_aie_essentials/bin/unwrapped/data/aie_ml/lib/runtime_cxx/libcxx-lite/include -I/opt/vitis_aie_essentials/bin/unwrapped/data/aie_ml/lib/runtime_cxx/libs/libcxx-16/include -I/opt/vitis_aie_essentials/bin/unwrapped/data/aie_ml/lib/runtime_cxx/libs/libcxxabi-16/include -I/opt/vitis_aie_essentials/bin/unwrapped/data/aie_ml/lib/runtime/include -I<BOOST_DIR> -D__AIENGINE__ -D__AIE_ARCH__=20 -D__AIEARCH__=20 -D__tct_tgt__=250729 -L +Ihex +nanno build/xchesscc/scoped_mode.o me

// Release: ipp V-2024.06-TGT-250729
.undef global data _ZN12me_primitive11control_satE

.undef global data _ZN12me_primitive11control_rndE

.text_segment_name
.text global 16 scoped_mode_probe
.function_start
	     0    0x00 0x66 0x88 0x0c 0x08 0x1b 0x93 0x4b 0x00 0x03 0x48 0xb7                      MOVA r26, #3;                 VLDB wl0, [p0, #0];                                         MOVX r25, #858;               MOV r24, #0
	    12    0x19 0x2c 0x07 0xb9                                                                                                                                                                                      VBCST.16 x2, r24
	    16    0x18 0xad 0x07 0xb9                                                                                                                                                                                      VBCST.16 x1, r26
	    20    0x1c 0x0c 0x0f 0x59                                                                                                                                                                                      VMOV wh0, wl2
	    24    0x18 0xb0 0x06 0x99                                                                                                                                                                                      MOV s0, #0
	    28    0x00 0x01                                                                        NOPX
	    30    0x00 0x01                                                                        NOPX
	    32    0xcf 0x80 0x40 0x09                                                                                                                                                                                                                              VMUL cm0, x0, x1, r25
	    36    0x00 0x01                                                                        NOPX
	    38    0x10 0x00 0x18 0x19                                                                                                                                                        RET lr
.delay_slot
	    42    0x1c 0x90 0x07 0x99                                                                                                                                                                                      MOV crSat, #1
.delay_slot
	    46    0x1b 0x10 0x0e 0x99                                                                                                                                                                                      MOV crRnd, #2
.delay_slot
	    50    0x09 0x0c 0xc0 0x99                                                                                                                          VST.SRS.s16.s64 cm0, s0, [p1, #0]
.delay_slot
.swstall delay_slot
	    54    0x00 0x01                                                                        NOPX
.label scoped_mode_probe__end last
.delay_slot
.swstall delay_slot
	    56    0x00 0x00 0x00 0x04 0x00 0x00 0x78 0x23                                          NOPA;                                                                                                                                                           NOPV

