
// File generated by darts version V-2024.06#8be6237c82#250729, Wed Aug 26 15:45:49 2026
// Copyright 2014-2024 Synopsys, Inc. All rights reserved.
// darts -I/opt/vitis_aie_essentials/bin/unwrapped/data/aie_ml/lib -d -h -I/opt/vitis_aie_essentials/bin/unwrapped/include -I/opt/vitis_aie_essentials/include -I/opt/vitis_aie_essentials/bin/unwrapped/data/aie_ml/lib/runtime_cxx/libcxx-lite/include -I/opt/vitis_aie_essentials/bin/unwrapped/data/aie_ml/lib/runtime_cxx/libs/libcxx-16/include -I/opt/vitis_aie_essentials/bin/unwrapped/data/aie_ml/lib/runtime_cxx/libs/libcxxabi-16/include -I/opt/vitis_aie_essentials/bin/unwrapped/data/aie_ml/lib/runtime/include -I<BOOST_DIR> -D__AIENGINE__ -D__AIE_ARCH__=20 -D__AIEARCH__=20 -D__tct_tgt__=250729 -L +Ihex +nanno build/xchesscc/sliding_cacc64.o me

// Release: ipp V-2024.06-TGT-250729
.undef global data _ZN12me_primitive11control_satE

.undef global data _ZN12me_primitive11control_rndE

.text_segment_name
.text global 16 sliding_cacc64
.function_start
	     0    0x20 0x70 0xb8 0x2c 0x28 0x01 0x93 0xeb 0x01 0x3b 0x28 0xb7                      VLDA wl1, [p1], #32;          VLDB wh0, [p0, #32];                                        MOVX r25, #31;                MOV r24, p1
	    12    0x20 0x70 0xf8 0x24 0x08 0x33 0xac 0x27 0xa0 0x07 0xc8 0xb7                      VLDA wh1, [p1], #32;          VLDB wl0, [p0], #64;                                        AND r26, r25, r24;            MOV r29, #3
.aggressive_scheduled_block_id 1
.aggressive_scheduled_block_id first
	    24    0x6f 0x46 0xc9 0x14 0x88 0x01 0xc1 0x0b 0x00 0x07 0x48 0xb7                      MOVA r27, #890;               VLDB wl2, [p1], #32;                                        MOVX r28, #8;                 MOV r24, #2
.aggressive_scheduled_block_id 1
.noswbrkpt
	    36    0x01 0xe7 0x89 0x14 0xa8 0x00 0x00 0x03 0xe5 0xbd 0x10 0xb7                      MOVA r30, #15;                VLDB wh2, [p1], #32;                                        MOVXM r31, #2938
.aggressive_scheduled_block_id 1
.nohwbrkpt
.noswbrkpt
	    48    0x01 0xc0 0x09 0xe5 0x08 0x00 0x00 0x01 0x98 0x00 0x10 0xb7                      MOVA r0, #14;                 VLDB wl4, [p1], #-64;                                       MOVXM p3, #_ZN12me_primitive11control_rndE
.aggressive_scheduled_block_id 1
.nohwbrkpt
.noswbrkpt
	    60    0x60 0x50 0x49 0x15 0x48 0x00 0x61 0x3b 0x2e 0xbb                                LDA r1, [p3, #0];             VLDB wl5, [p1], #32;                                                                      MOV r3, p1
.aggressive_scheduled_block_id 1
.nohwbrkpt
.noswbrkpt
	    70    0x01 0x15 0x68 0x07 0x9c 0xa4 0x58 0x13 0x48 0x3b                                                              VLDB wh5, [p1], #32;                                        AND r25, r3, r25;             MOV s0, #8
.aggressive_scheduled_block_id 1
.nohwbrkpt
.noswbrkpt
	    80    0x01 0x15 0x88 0x00 0x00 0x01 0x98 0x00 0x10 0x3b                                                              VLDB wl6, [p1], #32;                                        MOVXM p3, #_ZN12me_primitive11control_satE
.aggressive_scheduled_block_id 1
.nohwbrkpt
.noswbrkpt
	    90    0x60 0x50 0x89 0x0d 0xa8 0x02 0x47 0x40 0x3e 0xbb                                LDA r2, [p3, #0];             VLDB wh6, [p1, #0];                                                                       VSHUFFLE x9, x0, x0, r29
.aggressive_scheduled_block_id 1
.nohwbrkpt
.noswbrkpt
	   100    0x01 0x2e 0x8b 0xad 0x09 0x65                                                                                  VLDB wl10, [p1, #32];                                                                     VSHIFT x7, x1, x2, r26
.aggressive_scheduled_block_id 1
.nohwbrkpt
.noswbrkpt
	   106    0x00 0x0c 0x08 0x0c 0x00 0x65                                                                                  VLDB wl0, [p0, #0];                                                                       VSHUFFLE x0, x0, x0, r24
.aggressive_scheduled_block_id 1
.nohwbrkpt
.noswbrkpt
	   112    0x00 0x2c 0x29 0x2d 0x12 0x65                                                                                  VLDB wh0, [p0, #32];                                                                      VSHIFT x2, x2, x4, r26
.aggressive_scheduled_block_id 1
.nohwbrkpt
.noswbrkpt
	   118    0x1a 0x0c 0x39 0x79                                                                                                                                                                                      VSHUFFLE x4, x7, x2, r24
.aggressive_scheduled_block_id 1
.nohwbrkpt
.noswbrkpt
	   122    0x19 0x0e 0xb9 0x79                                                                                                                                                                                      VSHUFFLE x2, x7, x2, r29
.aggressive_scheduled_block_id 1
.nohwbrkpt
.noswbrkpt
	   126    0x02 0xac 0xab 0x66 0xdf 0x92 0x60 0x23                                                                                                                                                                  VSHIFT x5, x5, x6, r25;                 VMUL cm8, x4, x9, r27
.aggressive_scheduled_block_id 1
.nohwbrkpt
.noswbrkpt
	   134    0x00 0xa4 0x20 0x1a 0xe0 0x07 0xdf 0x90 0x20 0x1b                                                                                                                          MOVX crSat, r2;               VSHIFT x3, x0, x0, r28;                 VMUL cm8, x4, x0, r27
.aggressive_scheduled_block_id 1
.aggressive_scheduled_block_id last
.nohwbrkpt
.noswbrkpt
	   144    0x05 0xae 0x22 0x66 0xdc 0x08 0x00 0x23                                                                                                                                                                  VSHIFT x11, x4, x4, r28;                VMAC cm0, cm8, x2, x0, r27
	   152    0x00 0xae 0x4c 0xe6 0xfc 0x0a 0x60 0x23                                                                                                                                                                  VSHIFT x1, x9, x9, r28;                 VMAC cm8, cm8, x2, x9, r31
	   160    0x1c 0x2e 0x11 0x79                                                                                                                                                                                      VSHIFT x8, x2, x2, r28
	   164    0x03 0xae 0x5d 0xe6 0xd8 0x2c 0x40 0x23                                                                                                                                                                  VSHIFT x7, x11, x11, r28;               VMAC cm0, cm0, x11, x1, r27
	   172    0x01 0x2e 0x19 0xe6 0xdc 0x2c 0xe0 0x23                                                                                                                                                                  VSHIFT x2, x3, x3, r28;                 VMAC cm8, cm8, x11, x3, r27
	   180    0x02 0x2e 0x08 0xe6 0xd8 0x20 0xc0 0x23                                                                                                                                                                  VSHIFT x4, x1, x1, r28;                 VMAC cm0, cm0, x8, x3, r27
	   188    0x04 0xae 0x44 0x66 0xfc 0x20 0x60 0x23                                                                                                                                                                  VSHIFT x9, x8, x8, r28;                 VMAC cm8, cm8, x8, x1, r31
	   196    0x04 0x2e 0x11 0x66 0xd8 0x1d 0x00 0x23                                                                                                                                                                  VSHIFT x8, x2, x2, r28;                 VMAC cm0, cm0, x7, x4, r27
	   204    0x00 0xae 0x22 0x66 0xdc 0x1c 0xa0 0x23                                                                                                                                                                  VSHIFT x1, x4, x4, r28;                 VMAC cm8, cm8, x7, x2, r27
	   212    0x01 0xae 0x3b 0xe6 0xd8 0x24 0x80 0x23                                                                                                                                                                  VSHIFT x3, x7, x7, r28;                 VMAC cm0, cm0, x9, x2, r27
	   220    0x03 0xae 0x4c 0xe6 0xfc 0x25 0x20 0x23                                                                                                                                                                  VSHIFT x7, x9, x9, r28;                 VMAC cm8, cm8, x9, x4, r31
	   228    0x01 0x2c 0xb5 0x66 0xd8 0x0c 0x40 0x23                                                                                                                                                                  VSHIFT x2, x6, x10, r25;                VMAC cm0, cm0, x3, x1, r27
	   236    0x02 0x0e 0x80 0x66 0xdc 0x0e 0x20 0x23                                                                                                                                                                  VSHUFFLE x4, x0, x0, r29;               VMAC cm8, cm8, x3, x8, r27
	   244    0x03 0x0c 0x29 0x66 0xd8 0x1e 0x00 0x23                                                                                                                                                                  VSHUFFLE x6, x5, x2, r24;               VMAC cm0, cm0, x7, x8, r27
	   252    0x00 0x71 0xe4 0x80 0xc0 0x07 0xfc 0x1c 0x60 0x1b                                                                                                                          AND r24, r1, r30;             VSHUFFLE x0, x0, x0, r24;               VMAC cm8, cm8, x7, x1, r31
	   262    0x06 0x18 0x20 0x10 0xea 0x97 0xd8 0x19 0x00 0x1b                                                                                                                          MOVX crRnd, r24;              VSHUFFLE x2, x5, x2, r29;               VMAC cm0, cm0, x6, x4, r27
	   272    0x02 0xae 0x33 0x66 0xdc 0x18 0x20 0x23                                                                                                                                                                  VSHIFT x5, x6, x6, r28;                 VMAC cm8, cm8, x6, x0, r27
	   280    0x01 0xae 0x22 0x66 0xd8 0x08 0x00 0x23                                                                                                                                                                  VSHIFT x3, x4, x4, r28;                 VMAC cm0, cm0, x2, x0, r27
	   288    0x00 0xae 0x00 0x66 0xfc 0x09 0x20 0x23                                                                                                                                                                  VSHIFT x1, x0, x0, r28;                 VMAC cm8, cm8, x2, x4, r31
	   296    0x03 0xae 0x11 0x66 0xd8 0x14 0xc0 0x23                                                                                                                                                                  VSHIFT x7, x2, x2, r28;                 VMAC cm0, cm0, x5, x3, r27
	   304    0x03 0x2e 0x2a 0xe6 0xdc 0x14 0x60 0x23                                                                                                                                                                  VSHIFT x6, x5, x5, r28;                 VMAC cm8, cm8, x5, x1, r27
	   312    0x00 0x2e 0x19 0xe6 0xd8 0x1c 0x40 0x23                                                                                                                                                                  VSHIFT x0, x3, x3, r28;                 VMAC cm0, cm0, x7, x1, r27
	   320    0x01 0x2e 0x08 0xe6 0xfc 0x1c 0xe0 0x23                                                                                                                                                                  VSHIFT x2, x1, x1, r28;                 VMAC cm8, cm8, x7, x3, r31
	   328    0x02 0x2e 0x3b 0xe6 0xd8 0x18 0x00 0x23                                                                                                                                                                  VSHIFT x4, x7, x7, r28;                 VMAC cm0, cm0, x6, x0, r27
	   336    0x02 0xae 0x33 0x66 0xdc 0x18 0xa0 0x23                                                                                                                                                                  VSHIFT x5, x6, x6, r28;                 VMAC cm8, cm8, x6, x2, r27
	   344    0x00 0xae 0x00 0x66 0xd8 0x10 0x80 0x23                                                                                                                                                                  VSHIFT x1, x0, x0, r28;                 VMAC cm0, cm0, x4, x2, r27
	   352    0x01 0xae 0x11 0x66 0xfc 0x10 0x20 0x23                                                                                                                                                                  VSHIFT x3, x2, x2, r28;                 VMAC cm8, cm8, x4, x0, r31
	   360    0x03 0xae 0x22 0x66 0xd8 0x14 0x40 0x23                                                                                                                                                                  VSHIFT x7, x4, x4, r28;                 VMAC cm0, cm0, x5, x1, r27
	   368    0xdc 0x14 0xe0 0x09                                                                                                                                                                                                                              VMAC cm8, cm8, x5, x3, r27
	   372    0xd8 0x1c 0xc0 0x09                                                                                                                                                                                                                              VMAC cm0, cm0, x7, x3, r27
	   376    0xfc 0x1c 0x60 0x09                                                                                                                                                                                                                              VMAC cm8, cm8, x7, x1, r31
	   380    0x00 0x01                                                                        NOPX
	   382    0x00 0x01                                                                        NOPX
	   384    0x00 0x01                                                                        NOPX
	   386    0x18 0x80 0x06 0xd9                                                                                                                                                                                      VMOV x1, bml0
.aggressive_scheduled_block_id 2
.aggressive_scheduled_block_id first
	   390    0x19 0x08 0x06 0xd9                                                                                                                                                                                      VMOV x2, bml8
.aggressive_scheduled_block_id 2
.noswbrkpt
	   394    0x1c 0x4f 0x10 0xf9                                                                                                                                                                                      VSHUFFLE bmh0, x2, x1, r30
.aggressive_scheduled_block_id 2
.aggressive_scheduled_block_id last
.nohwbrkpt
.noswbrkpt
	   398    0x18 0x00 0x86 0xd9                                                                                                                                                                                      VMOV x0, bmh0
	   402    0x18 0x40 0x10 0xf9                                                                                                                                                                                      VSHUFFLE bml0, x2, x1, r0
	   406    0x18 0x88 0x86 0xd9                                                                                                                                                                                      VMOV x1, bmh8
	   410    0x1c 0x20 0x06 0xd9                                                                                                                                                                                      VMOV bml8, bml0
	   414    0x1c 0x60 0x86 0xd9                                                                                                                                                                                      VMOV bmh8, bmh0
	   418    0x18 0xcf 0x08 0x79                                                                                                                                                                                      VSHUFFLE bml1, x1, x0, r30
	   422    0x17 0x9c 0x10 0x00 0x20 0x04 0x30 0x03                                                                                                      VSRS.s32.s64 x1, cm8, s0;                                   VSHUFFLE bml0, x1, x0, r0
	   430    0x1c 0x61 0x06 0xd9                                                                                                                                                                                      VMOV bmh8, bml1
	   434    0x1c 0x20 0x06 0xd9                                                                                                                                                                                      VMOV bml8, bml0
	   438    0x00 0x01                                                                        NOPX
	   440    0x07 0x9c 0x10 0x00 0x18 0x3d                                                                                                                VSRS.s32.s64 x0, cm8, s0;     RET lr
.delay_slot
.swstall delay_slot
	   446    0x00 0x01                                                                        NOPX
.delay_slot
	   448    0x0a 0x06 0x87 0xd9                                                                                                                          VST wh1, [p2, #32]
.delay_slot
	   452    0x0a 0x05 0x85 0xd9                                                                                                                          VST wl1, [p2], #64
.delay_slot
	   456    0x0a 0x06 0x83 0xd9                                                                                                                          VST wh0, [p2, #32]
.label sliding_cacc64__end last
.delay_slot
	   460    0x0a 0x02 0x81 0xd9                                                                                                                          VST wl0, [p2, #0]

.undef global data _ZN12me_primitive11control_satE

.undef global data _ZN12me_primitive11control_rndE

.text_segment_name
.text global 10 sliding_cacc64_small
.function_start
	     0    0x10 0x00 0x18 0x19                                                                                                                                                        RET lr
.delay_slot
.swstall delay_slot
	     4    0x00 0x01                                                                        NOPX
.delay_slot
.swstall delay_slot
	     6    0x00 0x01                                                                        NOPX
.delay_slot
.swstall delay_slot
	     8    0x00 0x01                                                                        NOPX
.delay_slot
.swstall delay_slot
	    10    0x00 0x01                                                                        NOPX
.label sliding_cacc64_small__end last
.delay_slot
.swstall delay_slot
	    12    0x00 0x00 0x00 0x19                                                              NOPA

