fatal error: error in backend: unable to translate instruction: call (in function: cint16_vector_accum)
PLEASE submit a bug report to https://github.com/llvm/llvm-project/issues/ and include the crash backtrace, preprocessed source, and associated run script.
Stack dump:
0.	Program arguments: /home/piloteer/.local/lib/python3.12/site-packages/llvm-aie/bin/clang++ -O2 -std=c++20 --target=aie2p-none-unknown-elf -Wno-parentheses -Wno-attributes -Wno-macro-redefined -Wno-empty-body -Wno-missing-template-arg-list-after-template-kw -DNDEBUG -I/home/piloteer/.local/lib/python3.12/site-packages/mlir_aie/include -c cint16_vector_accum.cc -o build/peano/cint16_vector_accum.o
1.	<eof> parser at end of file
2.	Code generation
3.	Running pass 'Function Pass Manager' on module 'cint16_vector_accum.cc'.
4.	Running pass 'IRTranslator' on function '@cint16_vector_accum'
 #0 0x000079b43218f51b llvm::sys::PrintStackTrace(llvm::raw_ostream&, int) (/home/piloteer/.local/lib/python3.12/site-packages/llvm-aie/bin/../lib/libLLVM.so+0xb8f51b)
 #1 0x000079b43218ca34 llvm::sys::CleanupOnSignal(unsigned long) (/home/piloteer/.local/lib/python3.12/site-packages/llvm-aie/bin/../lib/libLLVM.so+0xb8ca34)
 #2 0x000079b43207fdd6 llvm::CrashRecoveryContext::HandleExit(int) (/home/piloteer/.local/lib/python3.12/site-packages/llvm-aie/bin/../lib/libLLVM.so+0xa7fdd6)
 #3 0x000079b43218592e llvm::sys::Process::Exit(int, bool) (/home/piloteer/.local/lib/python3.12/site-packages/llvm-aie/bin/../lib/libLLVM.so+0xb8592e)
 #4 0x00000000004119c3 LLVMErrorHandler(void*, char const*, bool) cc1_main.cpp:0:0
 #5 0x000079b43209b313 llvm::report_fatal_error(llvm::Twine const&, bool) (/home/piloteer/.local/lib/python3.12/site-packages/llvm-aie/bin/../lib/libLLVM.so+0xa9b313)
 #6 0x000079b4331be1ca (/home/piloteer/.local/lib/python3.12/site-packages/llvm-aie/bin/../lib/libLLVM.so+0x1bbe1ca)
 #7 0x000079b4331e3283 llvm::IRTranslator::runOnMachineFunction(llvm::MachineFunction&) (/home/piloteer/.local/lib/python3.12/site-packages/llvm-aie/bin/../lib/libLLVM.so+0x1be3283)
 #8 0x000079b4327d8140 llvm::MachineFunctionPass::runOnFunction(llvm::Function&) (.part.0) MachineFunctionPass.cpp:0:0
 #9 0x000079b43239029c llvm::FPPassManager::runOnFunction(llvm::Function&) (/home/piloteer/.local/lib/python3.12/site-packages/llvm-aie/bin/../lib/libLLVM.so+0xd9029c)
#10 0x000079b4323906b1 llvm::FPPassManager::runOnModule(llvm::Module&) (/home/piloteer/.local/lib/python3.12/site-packages/llvm-aie/bin/../lib/libLLVM.so+0xd906b1)
#11 0x000079b43239100d llvm::legacy::PassManagerImpl::run(llvm::Module&) (/home/piloteer/.local/lib/python3.12/site-packages/llvm-aie/bin/../lib/libLLVM.so+0xd9100d)
#12 0x000079b43a623d4b clang::emitBackendOutput(clang::CompilerInstance&, clang::CodeGenOptions&, llvm::StringRef, llvm::Module*, clang::BackendAction, llvm::IntrusiveRefCntPtr<llvm::vfs::FileSystem>, std::unique_ptr<llvm::raw_pwrite_stream, std::default_delete<llvm::raw_pwrite_stream>>, clang::BackendConsumer*) (/home/piloteer/.local/lib/python3.12/site-packages/llvm-aie/bin/../lib/libclang-cpp.so+0x2623d4b)
#13 0x000079b43ab89cd4 clang::BackendConsumer::HandleTranslationUnit(clang::ASTContext&) (/home/piloteer/.local/lib/python3.12/site-packages/llvm-aie/bin/../lib/libclang-cpp.so+0x2b89cd4)
#14 0x000079b438df887c clang::ParseAST(clang::Sema&, bool, bool) (/home/piloteer/.local/lib/python3.12/site-packages/llvm-aie/bin/../lib/libclang-cpp.so+0xdf887c)
#15 0x000079b43b7a0873 clang::FrontendAction::Execute() (/home/piloteer/.local/lib/python3.12/site-packages/llvm-aie/bin/../lib/libclang-cpp.so+0x37a0873)
#16 0x000079b43b719526 clang::CompilerInstance::ExecuteAction(clang::FrontendAction&) (/home/piloteer/.local/lib/python3.12/site-packages/llvm-aie/bin/../lib/libclang-cpp.so+0x3719526)
#17 0x000079b43b84933c clang::ExecuteCompilerInvocation(clang::CompilerInstance*) (/home/piloteer/.local/lib/python3.12/site-packages/llvm-aie/bin/../lib/libclang-cpp.so+0x384933c)
#18 0x0000000000414ac4 cc1_main(llvm::ArrayRef<char const*>, char const*, void*) (/home/piloteer/.local/lib/python3.12/site-packages/llvm-aie/bin/clang+++0x414ac4)
#19 0x000000000040b9a0 ExecuteCC1Tool(llvm::SmallVectorImpl<char const*>&, llvm::ToolContext const&) driver.cpp:0:0
#20 0x000079b43b253259 void llvm::function_ref<void ()>::callback_fn<clang::driver::CC1Command::Execute(llvm::ArrayRef<std::optional<llvm::StringRef>>, std::__cxx11::basic_string<char, std::char_traits<char>, std::allocator<char>>*, bool*) const::'lambda'()>(long) Job.cpp:0:0
#21 0x000079b43207fd12 llvm::CrashRecoveryContext::RunSafely(llvm::function_ref<void ()>) (/home/piloteer/.local/lib/python3.12/site-packages/llvm-aie/bin/../lib/libLLVM.so+0xa7fd12)
#22 0x000079b43b25560e clang::driver::CC1Command::Execute(llvm::ArrayRef<std::optional<llvm::StringRef>>, std::__cxx11::basic_string<char, std::char_traits<char>, std::allocator<char>>*, bool*) const (.part.0) Job.cpp:0:0
#23 0x000079b43b20f05b clang::driver::Compilation::ExecuteCommand(clang::driver::Command const&, clang::driver::Command const*&, bool) const (/home/piloteer/.local/lib/python3.12/site-packages/llvm-aie/bin/../lib/libclang-cpp.so+0x320f05b)
#24 0x000079b43b2100cf clang::driver::Compilation::ExecuteJobs(clang::driver::JobList const&, llvm::SmallVectorImpl<std::pair<int, clang::driver::Command const*>>&, bool) const (/home/piloteer/.local/lib/python3.12/site-packages/llvm-aie/bin/../lib/libclang-cpp.so+0x32100cf)
#25 0x000079b43b21dae4 clang::driver::Driver::ExecuteCompilation(clang::driver::Compilation&, llvm::SmallVectorImpl<std::pair<int, clang::driver::Command const*>>&) (/home/piloteer/.local/lib/python3.12/site-packages/llvm-aie/bin/../lib/libclang-cpp.so+0x321dae4)
#26 0x0000000000410c53 clang_main(int, char**, llvm::ToolContext const&) (/home/piloteer/.local/lib/python3.12/site-packages/llvm-aie/bin/clang+++0x410c53)
#27 0x000000000040af83 main (/home/piloteer/.local/lib/python3.12/site-packages/llvm-aie/bin/clang+++0x40af83)
#28 0x000079b430e2a1ca __libc_start_call_main ./csu/../sysdeps/nptl/libc_start_call_main.h:74:3
#29 0x000079b430e2a28b call_init ./csu/../csu/libc-start.c:128:20
#30 0x000079b430e2a28b __libc_start_main ./csu/../csu/libc-start.c:347:5
#31 0x000000000040afce _start (/home/piloteer/.local/lib/python3.12/site-packages/llvm-aie/bin/clang+++0x40afce)
clang++: error: clang frontend command failed with exit code 70 (use -v to see invocation)
clang version 20.0.0 (https://github.com/Xilinx/llvm-aie 201faf7c58227bac424fc8b34deaa4b1395f9536)
Target: aie2p-none-unknown-elf
Thread model: posix
InstalledDir: /home/piloteer/.local/lib/python3.12/site-packages/llvm-aie/bin
Build config: +assertions
clang++: note: diagnostic msg: 
********************

PLEASE ATTACH THE FOLLOWING FILES TO THE BUG REPORT:
Preprocessed source(s) and associated run script(s) are located at:
clang++: note: diagnostic msg: /tmp/cint16_vector_accum-18b41c.cpp
clang++: note: diagnostic msg: /tmp/cint16_vector_accum-18b41c.sh
clang++: note: diagnostic msg: 

********************
